Traceback (most recent call last):
  File "/home/fausto/anaconda3/envs/pLoT/lib/python3.10/site-packages/jupyter_cache/executors/utils.py", line 51, in single_nb_execution
    executenb(
  File "/home/fausto/anaconda3/envs/pLoT/lib/python3.10/site-packages/nbclient/client.py", line 1204, in execute
    return NotebookClient(nb=nb, resources=resources, km=km, **kwargs).execute()
  File "/home/fausto/anaconda3/envs/pLoT/lib/python3.10/site-packages/nbclient/util.py", line 84, in wrapped
    return just_run(coro(*args, **kwargs))
  File "/home/fausto/anaconda3/envs/pLoT/lib/python3.10/site-packages/nbclient/util.py", line 62, in just_run
    return loop.run_until_complete(coro)
  File "/home/fausto/anaconda3/envs/pLoT/lib/python3.10/asyncio/base_events.py", line 641, in run_until_complete
    return future.result()
  File "/home/fausto/anaconda3/envs/pLoT/lib/python3.10/site-packages/nbclient/client.py", line 663, in async_execute
    await self.async_execute_cell(
  File "/home/fausto/anaconda3/envs/pLoT/lib/python3.10/site-packages/nbclient/client.py", line 965, in async_execute_cell
    await self._check_raise_for_error(cell, cell_index, exec_reply)
  File "/home/fausto/anaconda3/envs/pLoT/lib/python3.10/site-packages/nbclient/client.py", line 862, in _check_raise_for_error
    raise CellExecutionError.from_cell_and_msg(cell, exec_reply_content)
nbclient.exceptions.CellExecutionError: An error occurred while executing the following cell:
------------------
import sys
IN_COLAB = 'google.colab' in sys.modules

if IN_COLAB:
    !git clone https://github.com/piantado/LOTlib3
else:
    print("Please download LOTlib3 in this folder!")
    
import LOTlib3
------------------

[0;31m---------------------------------------------------------------------------[0m
[0;31mModuleNotFoundError[0m                       Traceback (most recent call last)
Input [0;32mIn [1][0m, in [0;36m<cell line: 9>[0;34m()[0m
[1;32m      6[0m [38;5;28;01melse[39;00m:
[1;32m      7[0m     [38;5;28mprint[39m([38;5;124m"[39m[38;5;124mPlease download LOTlib3 in this folder![39m[38;5;124m"[39m)
[0;32m----> 9[0m [38;5;28;01mimport[39;00m [38;5;21;01mLOTlib3[39;00m

[0;31mModuleNotFoundError[0m: No module named 'LOTlib3'
ModuleNotFoundError: No module named 'LOTlib3'

